# serializer version: 1
# name: TestMistralStandard.test_serdes[serialized]
  dict({
    'id': list([
      'langchain',
      'chat_models',
      'mistralai',
      'ChatMistralAI',
    ]),
    'kwargs': dict({
      'endpoint': 'boo',
      'max_concurrent_requests': 64,
      'max_retries': 2,
      'max_tokens': 100,
      'mistral_api_key': dict({
        'id': list([
          'MISTRAL_API_KEY',
        ]),
        'lc': 1,
        'type': 'secret',
      }),
      'model': 'mistral-small',
      'model_kwargs': dict({
        'stop': list([
        ]),
      }),
      'temperature': 0.0,
      'timeout': 60,
      'top_p': 1,
    }),
    'lc': 1,
    'name': 'ChatMistralAI',
    'type': 'constructor',
  })
# ---
