# serializer version: 1
# name: TestGroqStandard.test_serdes[serialized]
  dict({
    'id': list([
      'langchain_groq',
      'chat_models',
      'ChatGroq',
    ]),
    'kwargs': dict({
      'groq_api_key': dict({
        'id': list([
          'GROQ_API_KEY',
        ]),
        'lc': 1,
        'type': 'secret',
      }),
      'max_retries': 2,
      'max_tokens': 100,
      'model_name': 'llama-3.1-8b-instant',
      'n': 1,
      'request_timeout': 60.0,
      'stop': list([
      ]),
      'temperature': 1e-08,
    }),
    'lc': 1,
    'name': 'ChatGroq',
    'type': 'constructor',
  })
# ---
